// Jest Snapshot v1, https://goo.gl/fbAQLP

exports[`Heading component is styled 1`] = `
.c0 {
  font-family: "Josefin Sans",sans-serif;
  font-size: 2rem;
  color: navy;
}

<h1
  className="c0"
/>
`;
