// Jest Snapshot v1, https://goo.gl/fbAQLP

exports[`Link component is styled 1`] = `
.c0 {
  font-family: "Josefin Sans",sans-serif;
  -webkit-transition: all 0.2s ease-in-out;
  transition: all 0.2s ease-in-out;
  color: purple;
}

.c0:hover {
  font-size: 1.2rem;
  color: orange;
}

<a
  className="c0"
/>
`;
