// Jest Snapshot v1, https://goo.gl/fbAQLP

exports[`Landing page component is styled 1`] = `
Array [
  .c0 {
  border-radius: 100%;
  border: none;
  background-color: #026CB6;
  width: 2.5rem;
  height: 2.5rem;
  cursor: pointer;
}

@media (min-width:600px) {

}

<button
    aria-label="Go back to previous page"
    className="c0"
    onClick={[Function]}
  >
    <svg
      aria-hidden={true}
      className="MuiSvgIcon-root makeStyles-root-1"
      focusable="false"
      viewBox="0 0 24 24"
    >
      <path
        d="M20 11H7.83l5.59-5.59L12 4l-8 8 8 8 1.41-1.41L7.83 13H20v-2z"
      />
    </svg>
  </button>,
  .c0 {
  font-family: "Josefin Sans",sans-serif;
  font-size: 2rem;
  color: navy;
  text-align: center;
}

@media (min-width:600px) {
  .c0 {
    font-size: 4rem;
  }
}

<h1
    className="c0"
  >
    About the App
  </h1>,
  .c1 {
  text-align: center;
}

.c0 {
  display: -webkit-box;
  display: -webkit-flex;
  display: -ms-flexbox;
  display: flex;
  -webkit-flex-direction: column;
  -ms-flex-direction: column;
  flex-direction: column;
}

@media (min-width:600px) {

}

<section
    className="c0"
  >
    <p
      className="c1"
    >
      Lorem ipsum dolor sit amet, consectetur adipiscing elit. Pulvinar pretium condimentum donec elementum eget. Pulvinar pretium
       
    </p>
    <button
      className="MuiButtonBase-root MuiButton-root MuiButton-contained makeStyles-root-2"
      disabled={false}
      onBlur={[Function]}
      onClick={[Function]}
      onDragLeave={[Function]}
      onFocus={[Function]}
      onKeyDown={[Function]}
      onKeyUp={[Function]}
      onMouseDown={[Function]}
      onMouseLeave={[Function]}
      onMouseUp={[Function]}
      onTouchEnd={[Function]}
      onTouchMove={[Function]}
      onTouchStart={[Function]}
      tabIndex={0}
      type="button"
    >
      <span
        className="MuiButton-label"
      >
        Sign Up and Joing the Movement!
      </span>
    </button>
  </section>,
]
`;
